
[1m[7m[36m RUN [39m[27m[22m [36mv2.1.9 [39m[90mC:/Users/user/Desktop/stock_signal_ai (2)[39m

[90mstdout[2m | server/routers.test.ts[2m > [22m[2mstock router[2m > [22m[2mstock.search returns search results
[22m[39m[Search] Searching for "AAPL" using Yahoo Finance
[Search] Found 1 results from Yahoo Finance

 [31m??[39m server/routers.test.ts [2m([22m[2m48 tests[22m[2m | [22m[31m13 failed[39m[2m)[22m[33m 4549[2mms[22m[39m
[31m   [31m횞[31m stock router[2m > [22mstock.summary returns stock summary data[33m 668[2mms[22m[31m[39m
[31m     ??expected 'neutral' to be 'buy' // Object.is equality[39m
[31m   [31m횞[31m watchlist router[2m > [22mwatchlist.add adds a ticker[90m 3[2mms[22m[31m[39m
[31m     ??Failed to add to watchlist: Failed query: insert into "watchlist" ("id", "userId", "ticker", "name", "tag", "addedAt") values (null, ?, ?, ?, null, (strftime('%s', 'now')))
params: 99,GOOGL,Alphabet Inc.[39m
[31m   [31m횞[31m watchlist router[2m > [22mwatchlist.add uppercases ticker[90m 1[2mms[22m[31m[39m
[31m     ??Failed to add to watchlist: Failed query: insert into "watchlist" ("id", "userId", "ticker", "name", "tag", "addedAt") values (null, ?, ?, ?, null, (strftime('%s', 'now')))
params: 99,GOOGL,Alphabet[39m
[31m   [31m횞[31m watchlist router[2m > [22mwatchlist.list requires authentication[90m 1[2mms[22m[31m[39m
[31m     ??promise resolved "[]" instead of rejecting[39m
[31m   [31m횞[31m signals router[2m > [22msignals.list returns signal history[90m 1[2mms[22m[31m[39m
[31m     ??expected 0 to be greater than or equal to 1[39m
[31m   [31m횞[31m signals router[2m > [22msignals.unreadCount returns count[90m 1[2mms[22m[31m[39m
[31m     ??expected +0 to be 3 // Object.is equality[39m
[31m   [31m횞[31m signals router[2m > [22msignals.generate creates a signal[90m 1[2mms[22m[31m[39m
[31m     ??Failed to add signal history: Failed query: insert into "signal_history" ("id", "userId", "ticker", "signalType", "strength", "price", "rsi", "macdSignal", "reason", "aiComment", "isRead", "createdAt") values (null, ?, ?, ?, ?, ?, ?, ?, ?, null, ?, (strftime('%s', 'now')))
params: 99,AAPL,neutral,0,180,28.5,neutral,?곗씠?곌? 遺議깊븯???좏샇瑜?怨꾩궛?????놁뒿?덈떎.,0[39m
[31m   [31m횞[31m ai router[2m > [22mai.analyze returns AI analysis[90m 228[2mms[22m[31m[39m
[31m     ??expected '[?뮕 紐⑥쓽 AI 遺꾩꽍 由ы룷??\n\n**1. ?쒖옣 ?곹솴 ?붿빟**\?? to contain 'AI 遺꾩꽍 寃곌낵'[39m
   [33m[2m??[22m[39m ai router[2m > [22mai.analyze saves signal history [33m601[2mms[22m[39m
[31m   [31m횞[31m chartPattern router[2m > [22mchartPattern.analyze returns pattern data with required fields[90m 0[2mms[22m[31m[39m
[31m     ??Please login (10001)[39m
[31m   [31m횞[31m chartPattern router[2m > [22mchartPattern.analyze returns data-insufficient fallback when candles < 20[90m 0[2mms[22m[31m[39m
[31m     ??Please login (10001)[39m
[31m   [31m횞[31m chartPattern router[2m > [22mchartPattern.analyze uppercases ticker[90m 0[2mms[22m[31m[39m
[31m     ??Please login (10001)[39m
   [33m[2m??[22m[39m news router[2m > [22mnews.sentiment returns sentiment with required fields [33m597[2mms[22m[39m
   [33m[2m??[22m[39m news router[2m > [22mnews.sentiment returns valid score range [33m607[2mms[22m[39m
   [33m[2m??[22m[39m news router[2m > [22mnews.sentiment uppercases ticker [33m604[2mms[22m[39m
[31m   [31m횞[31m portfolio router[2m > [22mportfolio.add creates a position and returns it[90m 1[2mms[22m[31m[39m
[31m     ??Failed to add portfolio position: Failed query: insert into "portfolio_positions" ("id", "userId", "ticker", "name", "quantity", "avgPrice", "memo", "addedAt", "updatedAt") values (null, ?, ?, ?, ?, ?, null, (strftime('%s', 'now')), (strftime('%s', 'now')))
params: 99,AAPL,Apple Inc.,10,150[39m
[31m   [31m횞[31m alerts router[2m > [22malerts.add creates an alert condition[90m 1[2mms[22m[31m[39m
[31m     ??Failed to add alert condition: Failed query: insert into "alert_conditions" ("id", "userId", "ticker", "name", "conditionType", "threshold", "macroConditionType", "macroThreshold", "conditionJson", "isActive", "lastTriggeredAt", "createdAt") values (null, ?, ?, ?, ?, ?, null, null, null, ?, null, (strftime('%s', 'now')))
params: 99,AAPL,RSI 怨쇰ℓ??rsi_below,30,1[39m
   [33m[2m??[22m[39m ticker validation[2m > [22mstock.summary accepts valid Korean ticker [33m602[2mms[22m[39m
   [33m[2m??[22m[39m ticker validation[2m > [22mstock.summary accepts valid US ticker [33m614[2mms[22m[39m

[2m Test Files [22m [1m[31m1 failed[39m[22m[90m (1)[39m
[2m      Tests [22m [1m[31m13 failed[39m[22m[2m | [22m[1m[32m35 passed[39m[22m[90m (48)[39m
[2m   Start at [22m 16:44:04
[2m   Duration [22m 5.92s[2m (transform 232ms, setup 0ms, collect 953ms, tests 4.55s, environment 0ms, prepare 155ms)[22m

